// Jest Snapshot v1, https://goo.gl/fbAQLP

exports[`NavIcon 閉じる時(開くアイコン表示) 1`] = `"<div class=\\"nav-icon\\"><span class=\\"nav-icon__top nav-icon__top--close\\"></span> <span class=\\"nav-icon__middle\\"></span> <span class=\\"nav-icon__bottom nav-icon__bottom--close\\"></span></div>"`;

exports[`NavIcon 開いた時(閉じるアイコン表示) 1`] = `"<div class=\\"nav-icon\\"><span class=\\"nav-icon__top nav-icon__top--open\\"></span> <span class=\\"nav-icon__middle nav-icon__middle--fade\\"></span> <span class=\\"nav-icon__bottom nav-icon__bottom--open\\"></span></div>"`;

exports[`NavImg 値がDOMに反映されているか 1`] = `"<img src=\\"http://placehold.jp/150x150.png\\" alt=\\"ダミー画像\\" class=\\"nav-img\\">"`;

exports[`NavLogo 値がDOMに反映されているか 1`] = `"<a href=\\"/\\" class=\\"nav-logo\\">ダミーロゴ</a>"`;
