// Jest Snapshot v1, https://goo.gl/fbAQLP

exports[`BaseBtn slotがDOMに反映されているか 1`] = `"<button class=\\"base-btn--extend\\">ダミーボタンテキスト</button>"`;
