// Jest Snapshot v1, https://goo.gl/fbAQLP

exports[`BaseImg 値がDOMに反映されているか 1`] = `
"<div>
  <h1 class=\\"base-heading1--extend\\">ダミーの見出し</h1>
</div>"
`;
