// Jest Snapshot v1, https://goo.gl/fbAQLP

exports[`BaseLogo 値がDOMに反映されているか 1`] = `"<div><a href=\\"/\\" class=\\"base-logo\\">ダミーロゴ</a></div>"`;
