// Jest Snapshot v1, https://goo.gl/fbAQLP

exports[`BaseTitle 値がDOMに反映されているか 1`] = `
"<div>
  <h2 class=\\"base-title\\">ダミータイトル</h2>
</div>"
`;
